[    1543ms] [ERROR] Error: <path> attribute d: Expected number, "….19.924.28 1.197v.008c.043.157.0…". @ https://goat-wheat.vercel.app/_next/static/immutable/chunks/3euwf0tp5g1w8.js:0
[    1543ms] [ERROR] Error: <path> attribute d: Expected number, "….19.924.28 1.197v.008c.043.157.0…". @ https://goat-wheat.vercel.app/_next/static/immutable/chunks/3euwf0tp5g1w8.js:0
[    1543ms] [ERROR] Error: <path> attribute d: Expected number, "….19.924.28 1.197v.008c.043.157.0…". @ https://goat-wheat.vercel.app/_next/static/immutable/chunks/3euwf0tp5g1w8.js:0
[    1544ms] [ERROR] Error: <path> attribute d: Expected number, "….19.924.28 1.197v.008c.043.157.0…". @ https://goat-wheat.vercel.app/_next/static/immutable/chunks/3euwf0tp5g1w8.js:0
[    1545ms] [ERROR] Error: <path> attribute d: Expected number, "….19.924.28 1.197v.008c.043.157.0…". @ https://goat-wheat.vercel.app/_next/static/immutable/chunks/3euwf0tp5g1w8.js:0
[    1545ms] [ERROR] Error: <path> attribute d: Expected number, "….19.924.28 1.197v.008c.043.157.0…". @ https://goat-wheat.vercel.app/_next/static/immutable/chunks/3euwf0tp5g1w8.js:0
[    1545ms] [ERROR] Error: <path> attribute d: Expected number, "….19.924.28 1.197v.008c.043.157.0…". @ https://goat-wheat.vercel.app/_next/static/immutable/chunks/3euwf0tp5g1w8.js:0
[    1546ms] [ERROR] Error: <path> attribute d: Expected number, "….19.924.28 1.197v.008c.043.157.0…". @ https://goat-wheat.vercel.app/_next/static/immutable/chunks/3euwf0tp5g1w8.js:0
[    1546ms] [ERROR] Error: <path> attribute d: Expected number, "….19.924.28 1.197v.008c.043.157.0…". @ https://goat-wheat.vercel.app/_next/static/immutable/chunks/3euwf0tp5g1w8.js:0
[    1546ms] [ERROR] Error: <path> attribute d: Expected number, "….19.924.28 1.197v.008c.043.157.0…". @ https://goat-wheat.vercel.app/_next/static/immutable/chunks/3euwf0tp5g1w8.js:0
[    1547ms] [ERROR] Error: <path> attribute d: Expected number, "….19.924.28 1.197v.008c.043.157.0…". @ https://goat-wheat.vercel.app/_next/static/immutable/chunks/3euwf0tp5g1w8.js:0
[    1547ms] [ERROR] Error: <path> attribute d: Expected number, "….19.924.28 1.197v.008c.043.157.0…". @ https://goat-wheat.vercel.app/_next/static/immutable/chunks/3euwf0tp5g1w8.js:0
[    1703ms] [ERROR] Failed to load resource: the server responded with a status of 404 () @ https://goat-wheat.vercel.app/images/team/priya.jpg:0
[    1703ms] [ERROR] Failed to load resource: the server responded with a status of 404 () @ https://goat-wheat.vercel.app/images/team/rajesh.jpg:0
[    1704ms] [ERROR] Failed to load resource: the server responded with a status of 404 () @ https://goat-wheat.vercel.app/images/team/anjali.jpg:0
[    1704ms] [ERROR] Failed to load resource: the server responded with a status of 404 () @ https://goat-wheat.vercel.app/images/team/vikram.jpg:0
[    1704ms] [ERROR] Failed to load resource: the server responded with a status of 404 () @ https://goat-wheat.vercel.app/images/work/web-dev.jpg:0
[    1705ms] [ERROR] Failed to load resource: the server responded with a status of 404 () @ https://goat-wheat.vercel.app/images/work/prv-hero.jpg:0
[    1705ms] [ERROR] Failed to load resource: the server responded with a status of 404 () @ https://goat-wheat.vercel.app/images/work/ai-web.jpg:0
[    1705ms] [ERROR] Failed to load resource: the server responded with a status of 404 () @ https://goat-wheat.vercel.app/images/work/mobile.jpg:0
[    2955ms] [WARNING] THREE.Clock: This module has been deprecated. Please use THREE.Timer instead. @ https://goat-wheat.vercel.app/_next/static/immutable/chunks/04nclmvhpudjw.js:0
